// Jest Snapshot v1, https://goo.gl/fbAQLP

exports[`App has a valid snapshot 1`] = `
<div
  className="page"
>
  <div
    className="interactions"
  >
    <form
      onSubmit={[Function]}
    >
      Search here!
      <input
        onChange={[Function]}
        type="text"
        value="redux"
      />
      <button
        type="submit"
      >
        Search here!
      </button>
    </form>
  </div>
  <div
    className="table"
  />
  <div
    className="interactions"
  >
    <div>
      <div
        className="ui active transition visible inverted dimmer"
        onClick={[Function]}
      >
        <div
          className="content"
        >
          <div
            className="center"
          >
            <div
              className="ui text loader"
            >
               Loading! 
            </div>
          </div>
        </div>
      </div>
    </div>
  </div>
</div>
`;
